Microchip MPLAB XC8 Compiler V2.36

Linker command line:

-W-3 --edf=C:\Program Files\Microchip\xc8\v2.36\pic\dat\en_msgs.txt -cn \
  -h+dist/default/production\seguridad.X.production.sym \
  --cmf=dist/default/production\seguridad.X.production.cmf -z -Q16F887 \
  -oC:\Users\Logicos\AppData\Local\Temp\xcAs2dk.4 --defsym=__MPLAB_BUILD=1 \
  -Mdist/default/production/seguridad.X.production.map \
  --md=C:\Users\Logicos\AppData\Local\Temp\xcAs2dk.dat -E1 \
  -ver=XC8 Compiler --acfsm=1493 -ACODE=00h-07FFhx4 -ASTRCODE=00h-01FFFh \
  -ASTRING=00h-0FFhx32 -ACONST=00h-0FFhx32 -AENTRY=00h-0FFhx32 \
  -ACOMMON=070h-07Fh -ABANK0=020h-06Fh -ABANK1=0A0h-0EFh \
  -ABANK2=0110h-016Fh -ABANK3=0190h-01EFh \
  -ARAM=020h-06Fh,0A0h-0EFh,0110h-016Fh,0190h-01EFh \
  -AABS1=020h-07Fh,0A0h-0EFh,0110h-016Fh,0190h-01EFh -ASFR0=00h-01Fh \
  -ASFR1=080h-09Fh -ASFR2=0100h-010Fh -ASFR3=0180h-018Fh \
  -ACONFIG=02007h-02008h -DCONFIG=2 -AIDLOC=02000h-02003h -DIDLOC=2 \
  -AEEDATA=00h-0FFh/02100h -peeprom_data=EEDATA -DEEDATA=2 -DCODE=2 \
  -DSTRCODE=2 -DSTRING=2 -DCONST=2 -DENTRY=2 \
  -preset_vec=00h,intentry,init,end_init -ppowerup=CODE -pcinit=CODE \
  -pfunctab=ENTRY -k C:\Users\Logicos\AppData\Local\Temp\xcAs2dk.o \
  dist/default/production\seguridad.X.production.o 

Object code version is 3.11

Machine type is 16F887



                Name                               Link     Load   Length Selector   Space Scale
C:\Users\Logicos\AppData\Local\Temp\xcAs2dk.o
                end_init                              0        0        3        0       0
                config                             2007     2007        2        0       4
dist/default/production\seguridad.X.production.o
                cinit                               7DC      7DC       24      FB8       0
                config                             2007     2007        2        0       4
                text28                             1461     1461       15     28C2       0
                text27                             15D6     15D6       3D     2BAC       0
                text26                             1566     1566       36     2ACC       0
                text25                             142E     142E       10     285C       0
                text24                             153C     153C       2A     2A78       0
                text23                                6        6       36        C       0
                text22                             1476     1476       17     28EC       0
                text21                             14C5     14C5       27     298A       0
                text20                             1763     1763       9D     2EC6       0
                text19                             1613     1613       44     2C26       0
                text18                             1424     1424        A     2848       0
                text17                             148D     148D       17     291A       0
                text16                              B9B      B9B      1DD     1736       0
                text15                             16E9     16E9       7A     2DD2       0
                text14                              862      862       A2     10C4       0
                text13                              904      904       BA     1208       0
                text12                              D78      D78      288     1AF0       0
                text11                             14EC     14EC       27     29D8       0
                text10                              47B      47B      361      8F6       0
                text9                               9BE      9BE       DA     137C       0
                text8                              169B     169B       4E     2D36       0
                text7                               806      806       5C     100C       0
                text6                                3C       3C      14C       78       0
                text5                              1657     1657       44     2CAE       0
                text4                              159C     159C       3A     2B38       0
                text3                               A98      A98      103     1530       0
                text2                              1513     1513       29     2A26       0
                text1                              14A4     14A4       21     2948       0
                maintext                            188      188      2F3      310       0
                cstackBANK0                          20       20       4E       20       1
                cstackCOMMON                         70       70        E       70       1
                cstackBANK1                          A0       A0       29       A0       1
                clrtext                            141C     141C        8     2838       0
                inittext                           144E     144E       13     289C       0
                dataBANK3                           1A0      1A0       10      190       1
                bssBANK3                            190      190       10      190       1
                bssBANK1                             C9       C9       27       A0       1
                bssBANK0                             6E       6E        1       20       1
                strings                            1000     1000       4A     2000       0
                idataBANK3                         143E     143E       10     287C       0

TOTAL           Name                               Link     Load   Length     Space
        CLASS   CODE           
                end_init                              0        0        3         0
                cinit                               7DC      7DC       24         0
                text28                             1461     1461       15         0
                text27                             15D6     15D6       3D         0
                text26                             1566     1566       36         0
                text25                             142E     142E       10         0
                text24                             153C     153C       2A         0
                text23                                6        6       36         0
                text22                             1476     1476       17         0
                text21                             14C5     14C5       27         0
                text20                             1763     1763       9D         0
                text19                             1613     1613       44         0
                text18                             1424     1424        A         0
                text17                             148D     148D       17         0
                text16                              B9B      B9B      1DD         0
                text15                             16E9     16E9       7A         0
                text14                              862      862       A2         0
                text13                              904      904       BA         0
                text12                              D78      D78      288         0
                text11                             14EC     14EC       27         0
                text10                              47B      47B      361         0
                text9                               9BE      9BE       DA         0
                text8                              169B     169B       4E         0
                text7                               806      806       5C         0
                text6                                3C       3C      14C         0
                text5                              1657     1657       44         0
                text4                              159C     159C       3A         0
                text3                               A98      A98      103         0
                text2                              1513     1513       29         0
                text1                              14A4     14A4       21         0
                maintext                            188      188      2F3         0
                clrtext                            141C     141C        8         0
                inittext                           144E     144E       13         0
                idataBANK3                         143E     143E       10         0

        CLASS   STRCODE        

        CLASS   STRING         
                strings                            1000     1000       4A         0

        CLASS   CONST          

        CLASS   ENTRY          

        CLASS   COMMON         
                cstackCOMMON                         70       70        E         1

        CLASS   BANK0          
                cstackBANK0                          20       20       4E         1
                bssBANK0                             6E       6E        1         1

        CLASS   BANK1          
                cstackBANK1                          A0       A0       29         1
                bssBANK1                             C9       C9       27         1

        CLASS   BANK2          

        CLASS   BANK3          
                dataBANK3                           1A0      1A0       10         1
                bssBANK3                            190      190       10         1

        CLASS   RAM            

        CLASS   ABS1           
                abs_s1                               7E       7E        2         1

        CLASS   SFR0           

        CLASS   SFR1           

        CLASS   SFR2           

        CLASS   SFR3           

        CLASS   CONFIG         
                config                             2007     2007        2         4

        CLASS   IDLOC          

        CLASS   EEDATA         

        CLASS   STACK          



SEGMENTS        Name                           Load    Length   Top    Selector   Space  Class     Delta

                reset_vec                      000000  000003  000003         0       0  CODE        2
                text23                         000006  000036  00003C         C       0  CODE        2
                cstackBANK0                    000020  00004F  00006F        20       1  BANK0       1
                cstackCOMMON                   000070  00000E  00007E        70       1  COMMON      1
                text6                          00003C  00014C  000188        78       0  CODE        2
                cstackBANK1                    0000A0  000050  0000F0        A0       1  BANK1       1
                bssBANK3                       000190  000020  0001B0       190       1  BANK3       1
                maintext                       000188  0002F3  00047B       310       0  CODE        2
                text10                         00047B  000361  0007DC       8F6       0  CODE        2
                cinit                          0007DC  000024  000800       FB8       0  CODE        2
                text7                          000806  00005C  000862      100C       0  CODE        2
                text14                         000862  0000A2  000904      10C4       0  CODE        2
                text13                         000904  0000BA  0009BE      1208       0  CODE        2
                text9                          0009BE  0000DA  000A98      137C       0  CODE        2
                text3                          000A98  000103  000B9B      1530       0  CODE        2
                text16                         000B9B  0001DD  000D78      1736       0  CODE        2
                text12                         000D78  000288  001000      1AF0       0  CODE        2
                strings                        001000  00004A  00104A      2000       0  STRING      2
                clrtext                        00141C  000008  001424      2838       0  CODE        2
                text18                         001424  00000A  00142E      2848       0  CODE        2
                text25                         00142E  000010  00143E      285C       0  CODE        2
                idataBANK3                     00143E  000010  00144E      287C       0  CODE        2
                inittext                       00144E  000013  001461      289C       0  CODE        2
                text28                         001461  000015  001476      28C2       0  CODE        2
                text22                         001476  000017  00148D      28EC       0  CODE        2
                text17                         00148D  000017  0014A4      291A       0  CODE        2
                text1                          0014A4  000021  0014C5      2948       0  CODE        2
                text21                         0014C5  000027  0014EC      298A       0  CODE        2
                text11                         0014EC  000027  001513      29D8       0  CODE        2
                text2                          001513  000029  00153C      2A26       0  CODE        2
                text24                         00153C  00002A  001566      2A78       0  CODE        2
                text26                         001566  000036  00159C      2ACC       0  CODE        2
                text4                          00159C  00003A  0015D6      2B38       0  CODE        2
                text27                         0015D6  00003D  001613      2BAC       0  CODE        2
                text19                         001613  000044  001657      2C26       0  CODE        2
                text5                          001657  000044  00169B      2CAE       0  CODE        2
                text8                          00169B  00004E  0016E9      2D36       0  CODE        2
                text15                         0016E9  00007A  001763      2DD2       0  CODE        2
                text20                         001763  00009D  001800      2EC6       0  CODE        2


UNUSED ADDRESS RANGES

        Name                Unused          Largest block    Delta
        BANK0            006F-006F              1           1
        BANK2            0110-016F             60           1
        BANK3            01B0-01EF             40           1
        CODE             0003-0005              3           2
                         0800-0805              6
                         104A-141B            3D2
                         1800-1FFF            800
        CONST            0003-0005              3           2
                         0800-0805              6
                         104A-141B            100
                         1800-1FFF            100
        EEDATA           2100-21FF            100           2
        ENTRY            0003-0005              3           2
                         0800-0805              6
                         104A-141B            100
                         1800-1FFF            100
        IDLOC            2000-2003              4           2
        RAM              006F-006F              1           1
                         0110-016F             60
                         01B0-01EF             40
        SFR0             0000-001F             20           1
        SFR1             0080-009F             20           1
        SFR2             0100-010F             10           1
        SFR3             0180-018F             10           1
        STRCODE          0003-0005              3           2
                         0800-0805              6
                         104A-141B            3D2
                         1800-1FFF            800
        STRING           0003-0005              3           2
                         0800-0805              6
                         104A-141B            100
                         1800-1FFF            100

                                  Symbol Table

?_ADC_Read                cstackCOMMON 0070
?__Umul8_16               cstackCOMMON 0070
?___aldiv                 cstackCOMMON 0070
?___fladd                 cstackBANK0  0059
?___fldiv                 cstackBANK0  003F
?___flmul                 cstackBANK0  0025
?___fltol                 cstackCOMMON 0070
?___lwdiv                 cstackCOMMON 0070
?___lwmod                 cstackCOMMON 0078
?___xxtofl                cstackCOMMON 0070
?_eval_poly               cstackBANK1  00A0
?_frexp                   cstackBANK0  0020
?_log                     cstackBANK1  00B0
?_sprintf                 cstackBANK0  0020
ADC_Read@channel          cstackCOMMON 0070
ADC_Read@digital          cstackCOMMON 0075
LCD_Char@dat              cstackCOMMON 0072
LCD_Command@cmd           cstackCOMMON 0072
LCD_String@msg            cstackCOMMON 0074
LCD_String_xy@location    cstackCOMMON 0079
LCD_String_xy@msg         cstackCOMMON 0076
LCD_String_xy@pos         cstackCOMMON 0075
LCD_String_xy@row         cstackCOMMON 0078
USART_Init@baud_rate      cstackBANK0  0026
USART_SendString@out      cstackCOMMON 0072
USART_TxChar@out          cstackCOMMON 0070
_ADCON0                   (abs)        001F
_ADCON0bits               (abs)        001F
_ADCON1bits               (abs)        009F
_ADC_Init                 text28       1461
_ADC_Read                 text27       15D6
_ADON                     (abs)        00F8
_ADRESH                   (abs)        001E
_ADRESL                   (abs)        009E
_ANSEL                    (abs)        0188
_CREN                     (abs)        00C4
_Fila1                    bssBANK1     00D8
_GO                       (abs)        00F9
_LCD_Char                 text23       0006
_LCD_Clear                text25       142E
_LCD_Command              text26       1566
_LCD_Init                 text24       153C
_LCD_String               text22       1476
_LCD_String_xy            text21       14C5
_OPTION_REGbits           (abs)        0081
_OSCCON                   (abs)        008F
_PORTB                    (abs)        0006
_PORTD                    (abs)        0008
_PORTDbits                (abs)        0008
_PORTEbits                (abs)        0009
_RCIF                     (abs)        0065
_RCREG                    (abs)        001A
_RCSTA                    (abs)        0018
_RCSTAbits                (abs)        0018
_SPBRG                    (abs)        0099
_Sensor_Humedad           bssBANK1     00CD
_Sensor_Luz               bssBANK1     00C9
_Sensor_Temperatura       bssBANK1     00E8
_TRISA0                   (abs)        0428
_TRISA1                   (abs)        0429
_TRISA2                   (abs)        042A
_TRISB                    (abs)        0086
_TRISC6                   (abs)        043E
_TRISC7                   (abs)        043F
_TRISD                    (abs)        0088
_TRISE                    (abs)        0089
_TXIF                     (abs)        0064
_TXREG                    (abs)        0019
_TXSTA                    (abs)        0098
_Temperatura              bssBANK1     00EC
_USART_Init               text19       1613
_USART_Init$1089          cstackCOMMON 0079
_USART_SendString         text17       148D
_USART_TxChar             text18       1424
__Habs1                   abs1         0000
__Hbank0                  bank0        0000
__Hbank1                  bank1        0000
__Hbank2                  bank2        0000
__Hbank3                  bank3        0000
__HbssBANK0               bssBANK0     0000
__HbssBANK1               bssBANK1     0000
__HbssBANK3               bssBANK3     0000
__Hcinit                  cinit        0800
__Hclrtext                clrtext      0000
__Hcode                   code         0000
__Hcommon                 common       0000
__Hconfig                 config       2009
__HcstackBANK0            cstackBANK0  0000
__HcstackBANK1            cstackBANK1  0000
__HcstackCOMMON           cstackCOMMON 0000
__HdataBANK3              dataBANK3    0000
__Heeprom_data            eeprom_data  0000
__Hend_init               end_init     0003
__Hfunctab                functab      0000
__HidataBANK3             idataBANK3   0000
__Hinit                   init         0000
__Hinittext               inittext     0000
__Hintentry               intentry     0000
__Hmaintext               maintext     0000
__Hpowerup                powerup      0000
__Hram                    ram          0000
__Hreset_vec              reset_vec    0000
__Hsfr0                   sfr0         0000
__Hsfr1                   sfr1         0000
__Hsfr2                   sfr2         0000
__Hsfr3                   sfr3         0000
__Hspace_0                (abs)        1800
__Hspace_1                (abs)        01B0
__Hspace_2                (abs)        0000
__Hspace_3                (abs)        0000
__Hspace_4                (abs)        4010
__Hstack                  stack        0000
__Hstrings                strings      0000
__Htext                   text         0000
__Labs1                   abs1         0000
__Lbank0                  bank0        0000
__Lbank1                  bank1        0000
__Lbank2                  bank2        0000
__Lbank3                  bank3        0000
__LbssBANK0               bssBANK0     0000
__LbssBANK1               bssBANK1     0000
__LbssBANK3               bssBANK3     0000
__Lcinit                  cinit        07DC
__Lclrtext                clrtext      0000
__Lcode                   code         0000
__Lcommon                 common       0000
__Lconfig                 config       0000
__LcstackBANK0            cstackBANK0  0000
__LcstackBANK1            cstackBANK1  0000
__LcstackCOMMON           cstackCOMMON 0000
__LdataBANK3              dataBANK3    0000
__Leeprom_data            eeprom_data  0000
__Lend_init               end_init     0000
__Lfunctab                functab      0000
__LidataBANK3             idataBANK3   0000
__Linit                   init         0000
__Linittext               inittext     0000
__Lintentry               intentry     0000
__Lmaintext               maintext     0000
__Lpowerup                powerup      0000
__Lram                    ram          0000
__Lreset_vec              reset_vec    0000
__Lsfr0                   sfr0         0000
__Lsfr1                   sfr1         0000
__Lsfr2                   sfr2         0000
__Lsfr3                   sfr3         0000
__Lspace_0                (abs)        0000
__Lspace_1                (abs)        0000
__Lspace_2                (abs)        0000
__Lspace_3                (abs)        0000
__Lspace_4                (abs)        0000
__Lstack                  stack        0000
__Lstrings                strings      0000
__Ltext                   text         0000
__S0                      (abs)        1800
__S1                      (abs)        01B0
__S3                      (abs)        0000
__Umul8_16                text11       14EC
__Umul8_16@multiplicand   cstackCOMMON 0070
__Umul8_16@multiplier     cstackCOMMON 0078
__Umul8_16@product        cstackCOMMON 0074
__Umul8_16@word_mpld      cstackCOMMON 0076
___aldiv                  text20       1763
___aldiv@counter          cstackBANK0  0020
___aldiv@dividend         cstackCOMMON 0074
___aldiv@divisor          cstackCOMMON 0070
___aldiv@quotient         cstackBANK0  0022
___aldiv@sign             cstackBANK0  0021
___fladd                  text12       0D78
___fladd@a                cstackBANK0  005D
___fladd@aexp             cstackBANK0  006A
___fladd@b                cstackBANK0  0059
___fladd@bexp             cstackBANK0  006B
___fladd@grs              cstackBANK0  006C
___fladd@signs            cstackBANK0  0069
___fldiv                  text16       0B9B
___fldiv@a                cstackBANK0  003F
___fldiv@aexp             cstackBANK0  0058
___fldiv@b                cstackBANK0  0043
___fldiv@bexp             cstackBANK0  0057
___fldiv@grs              cstackBANK0  0053
___fldiv@new_exp          cstackBANK0  0051
___fldiv@rem              cstackBANK0  004C
___fldiv@sign             cstackBANK0  0050
___fleq                   text8        169B
___fleq@ff1               cstackCOMMON 0070
___fleq@ff2               cstackCOMMON 0074
___flge                   text14       0862
___flge@ff1               cstackCOMMON 0070
___flge@ff2               cstackCOMMON 0074
___flmul                  text10       047B
___flmul@a                cstackBANK0  0029
___flmul@aexp             cstackBANK0  0037
___flmul@b                cstackBANK0  0025
___flmul@bexp             cstackBANK0  0038
___flmul@grs              cstackBANK0  0033
___flmul@prod             cstackBANK0  0039
___flmul@sign             cstackBANK0  0032
___flmul@temp             cstackBANK0  003D
___fltol                  text15       16E9
___fltol@exp1             cstackCOMMON 007A
___fltol@f1               cstackCOMMON 0070
___fltol@sign1            cstackCOMMON 0079
___int_sp                 stack        0000
___latbits                (abs)        0002
___lwdiv                  text5        1657
___lwdiv@counter          cstackCOMMON 0077
___lwdiv@dividend         cstackCOMMON 0072
___lwdiv@divisor          cstackCOMMON 0070
___lwdiv@quotient         cstackCOMMON 0075
___lwmod                  text4        159C
___lwmod@counter          cstackCOMMON 007D
___lwmod@dividend         cstackCOMMON 007A
___lwmod@divisor          cstackCOMMON 0078
___sp                     stack        0000
___stackhi                (abs)        0000
___stacklo                (abs)        0000
___xxtofl                 text13       0904
___xxtofl@arg             cstackCOMMON 007A
___xxtofl@exp             cstackCOMMON 0079
___xxtofl@sign            cstackCOMMON 0078
___xxtofl@val             cstackCOMMON 0070
__end_of_ADC_Init         text28       1476
__end_of_ADC_Read         text27       1613
__end_of_LCD_Char         text23       003C
__end_of_LCD_Clear        text25       143E
__end_of_LCD_Command      text26       159C
__end_of_LCD_Init         text24       1566
__end_of_LCD_String       text22       148D
__end_of_LCD_String_xy    text21       14EC
__end_of_USART_Init       text19       1657
__end_of_USART_SendString text17       14A4
__end_of_USART_TxChar     text18       142E
__end_of__Umul8_16        text11       1513
__end_of___aldiv          text20       1800
__end_of___fladd          text12       1000
__end_of___fldiv          text16       0D78
__end_of___fleq           text8        16E9
__end_of___flge           text14       0904
__end_of___flmul          text10       07DC
__end_of___fltol          text15       1763
__end_of___lwdiv          text5        169B
__end_of___lwmod          text4        15D6
__end_of___xxtofl         text13       09BE
__end_of__initialization  cinit        07FC
__end_of__stringtab       strings      1006
__end_of_dpowers          strings      1010
__end_of_eval_poly        text9        0A98
__end_of_frexp            text7        0862
__end_of_log              text6        0188
__end_of_main             maintext     047B
__end_of_sprintf          text3        0B9B
__end_of_strcat           text2        153C
__end_of_strcpy           text1        14C5
__end_oflog@coeff         strings      1034
__initialization          cinit        07DC
__pbssBANK0               bssBANK0     006E
__pbssBANK1               bssBANK1     00C9
__pbssBANK3               bssBANK3     0190
__pcstackBANK0            cstackBANK0  0020
__pcstackBANK1            cstackBANK1  00A0
__pcstackCOMMON           cstackCOMMON 0070
__pdataBANK3              dataBANK3    01A0
__pidataBANK3             idataBANK3   143E
__pmaintext               maintext     0188
__pstrings                strings      1000
__ptext1                  text1        14A4
__ptext10                 text10       047B
__ptext11                 text11       14EC
__ptext12                 text12       0D78
__ptext13                 text13       0904
__ptext14                 text14       0862
__ptext15                 text15       16E9
__ptext16                 text16       0B9B
__ptext17                 text17       148D
__ptext18                 text18       1424
__ptext19                 text19       1613
__ptext2                  text2        1513
__ptext20                 text20       1763
__ptext21                 text21       14C5
__ptext22                 text22       1476
__ptext23                 text23       0006
__ptext24                 text24       153C
__ptext25                 text25       142E
__ptext26                 text26       1566
__ptext27                 text27       15D6
__ptext28                 text28       1461
__ptext3                  text3        0A98
__ptext4                  text4        159C
__ptext5                  text5        1657
__ptext6                  text6        003C
__ptext7                  text7        0806
__ptext8                  text8        169B
__ptext9                  text9        09BE
__stringbase              strings      1005
__stringtab               strings      1000
_dpowers                  strings      1006
_errno                    bssBANK1     00D5
_eval_poly                text9        09BE
_frexp                    text7        0806
_log                      text6        003C
_main                     maintext     0188
_main$1086                cstackBANK1  00B9
_main$1087                cstackBANK1  00BD
_main$1088                cstackBANK1  00C1
_sprintf                  text3        0A98
_strcat                   text2        1513
_strcpy                   text1        14A4
btemp                     (abs)        007E
clear_ram0                clrtext      141C
end_of_initialization     cinit        07FC
eval_poly@d               cstackBANK1  00A4
eval_poly@n               cstackBANK1  00A5
eval_poly@res             cstackBANK1  00AC
eval_poly@x               cstackBANK1  00A0
frexp@eptr                cstackBANK0  0024
frexp@value               cstackBANK0  0020
init_fetch0               inittext     144E
init_ram0                 inittext     1452
intlevel0                 functab      0000
intlevel1                 functab      0000
intlevel2                 functab      0000
intlevel3                 functab      0000
intlevel4                 functab      0000
intlevel5                 functab      0000
keypad_getkey@F1296       dataBANK3    01A0
log@coeff                 strings      1010
log@exponent              cstackBANK1  00B4
log@x                     cstackBANK1  00B0
main@Valor_Temperatura    cstackBANK1  00C5
reset_vec                 reset_vec    0000
sprintf@ap                cstackBANK0  002A
sprintf@c                 cstackBANK0  002E
sprintf@f                 cstackBANK0  0020
sprintf@flag              cstackBANK0  0028
sprintf@prec              cstackBANK0  0029
sprintf@sp                cstackBANK0  002D
sprintf@val               cstackBANK0  002B
start                     init         0000
start_initialization      cinit        07DC
strcat@cp                 cstackCOMMON 0073
strcat@from               cstackCOMMON 0070
strcat@to                 cstackCOMMON 0072
strcpy@cp                 cstackCOMMON 0073
strcpy@from               cstackCOMMON 0070
strcpy@to                 cstackCOMMON 0072
wtemp0                    (abs)        007E


MODULE INFORMATION

Module		Function		Class		Link	Load	Size
C:\Program Files\Microchip\xc8\v2.36\pic\sources\c90\common\doprnt.c
		_sprintf       		CODE           	0A98	0000	259

C:\Program Files\Microchip\xc8\v2.36\pic\sources\c90\common\doprnt.c estimated size: 259

C:\Program Files\Microchip\xc8\v2.36\pic\sources\c90\common\lwmod.c
		___lwmod       		CODE           	159C	0000	58

C:\Program Files\Microchip\xc8\v2.36\pic\sources\c90\common\lwmod.c estimated size: 58

uart.c
		_USART_TxChar  		CODE           	1424	0000	10
		_USART_SendString		CODE           	148D	0000	23
		_USART_Init    		CODE           	1613	0000	68

uart.c estimated size: 101

C:\Program Files\Microchip\xc8\v2.36\pic\sources\c90\common\frexp.c
		_frexp         		CODE           	0806	0000	92

C:\Program Files\Microchip\xc8\v2.36\pic\sources\c90\common\frexp.c estimated size: 92

C:\Program Files\Microchip\xc8\v2.36\pic\sources\c90\common\fleq.c
		___fleq        		CODE           	169B	0000	78

C:\Program Files\Microchip\xc8\v2.36\pic\sources\c90\common\fleq.c estimated size: 78

C:\Program Files\Microchip\xc8\v2.36\pic\sources\c90\common\lwdiv.c
		___lwdiv       		CODE           	1657	0000	68

C:\Program Files\Microchip\xc8\v2.36\pic\sources\c90\common\lwdiv.c estimated size: 68

C:\Program Files\Microchip\xc8\v2.36\pic\sources\c90\common\sprcmul.c
		___flmul       		CODE           	047B	0000	865

C:\Program Files\Microchip\xc8\v2.36\pic\sources\c90\common\sprcmul.c estimated size: 865

adc.c
		_ADC_Read      		CODE           	15D6	0000	61
		_ADC_Init      		CODE           	1461	0000	21

adc.c estimated size: 82

C:\Program Files\Microchip\xc8\v2.36\pic\sources\c90\common\fltol.c
		___fltol       		CODE           	16E9	0000	122

C:\Program Files\Microchip\xc8\v2.36\pic\sources\c90\common\fltol.c estimated size: 122

C:\Program Files\Microchip\xc8\v2.36\pic\sources\c90\common\sprcdiv.c
		___fldiv       		CODE           	0B9B	0000	477

C:\Program Files\Microchip\xc8\v2.36\pic\sources\c90\common\sprcdiv.c estimated size: 477

C:\Program Files\Microchip\xc8\v2.36\pic\sources\c90\common\aldiv.c
		___aldiv       		CODE           	1763	0000	157

C:\Program Files\Microchip\xc8\v2.36\pic\sources\c90\common\aldiv.c estimated size: 157

shared
		__stringtab    		STRING         	1000	0000	6
		_dpowers       		STRING         	1006	0000	10
		__initialization		CODE           	07DC	0000	32
		log@coeff      		STRING         	1010	0000	36

shared estimated size: 84

C:\Program Files\Microchip\xc8\v2.36\pic\sources\c90\common\strcat.c
		_strcat        		CODE           	1513	0000	41

C:\Program Files\Microchip\xc8\v2.36\pic\sources\c90\common\strcat.c estimated size: 41

C:\Program Files\Microchip\xc8\v2.36\pic\sources\c90\common\evalpoly.c
		_eval_poly     		CODE           	09BE	0000	218

C:\Program Files\Microchip\xc8\v2.36\pic\sources\c90\common\evalpoly.c estimated size: 218

C:\Program Files\Microchip\xc8\v2.36\pic\sources\c90\common\xxtofl.c
		___xxtofl      		CODE           	0904	0000	186

C:\Program Files\Microchip\xc8\v2.36\pic\sources\c90\common\xxtofl.c estimated size: 186

C:\Program Files\Microchip\xc8\v2.36\pic\sources\c90\common\sprcadd.c
		___fladd       		CODE           	0D78	0000	648

C:\Program Files\Microchip\xc8\v2.36\pic\sources\c90\common\sprcadd.c estimated size: 648

C:\Program Files\Microchip\xc8\v2.36\pic\sources\c90\common\strcpy.c
		_strcpy        		CODE           	14A4	0000	33

C:\Program Files\Microchip\xc8\v2.36\pic\sources\c90\common\strcpy.c estimated size: 33

main.c
		_main          		CODE           	0188	0000	755

main.c estimated size: 755

C:\Program Files\Microchip\xc8\v2.36\pic\sources\c90\common\flge.c
		___flge        		CODE           	0862	0000	162

C:\Program Files\Microchip\xc8\v2.36\pic\sources\c90\common\flge.c estimated size: 162

C:\Program Files\Microchip\xc8\v2.36\pic\sources\c90\common\log.c
		_log           		CODE           	003C	0000	332

C:\Program Files\Microchip\xc8\v2.36\pic\sources\c90\common\log.c estimated size: 332

C:\Program Files\Microchip\xc8\v2.36\pic\sources\c90\common\Umul8_16.c
		__Umul8_16     		CODE           	14EC	0000	39

C:\Program Files\Microchip\xc8\v2.36\pic\sources\c90\common\Umul8_16.c estimated size: 39

LCD.c
		_LCD_String    		CODE           	1476	0000	23
		_LCD_Init      		CODE           	153C	0000	42
		_LCD_Command   		CODE           	1566	0000	54
		_LCD_String_xy 		CODE           	14C5	0000	39
		_LCD_Char      		CODE           	0006	0000	54
		_LCD_Clear     		CODE           	142E	0000	16

LCD.c estimated size: 228

